
> starter_helpi@0.1.0 test
> react-scripts test --coverage

FAIL src/App.test.tsx
  ✕ renders learn react link (69 ms)

  ● renders learn react link

    TestingLibraryElementError: Unable to find an element with the text: /learn react/i. This could be because the text is broken up by multiple elements. In this case, you can provide a function for your text matcher to make your matcher more flexible.

    Ignored nodes: comments, script, style
    [36m<body>[39m
      [36m<div>[39m
        [36m<nav[39m
          [33mclass[39m=[32m"sc-jTQCzO OFLS"[39m
        [36m>[39m
          [36m<div[39m
            [33mclass[39m=[32m"site-title"[39m
          [36m>[39m
            [36m<p>[39m
              [0mJobNav.com[0m
            [36m</p>[39m
          [36m</div>[39m
          [36m<button[39m
            [33mclass[39m=[32m"darkModeToggle"[39m
            [33mstyle[39m=[32m"height: 30px; width: 100px; border-radius: 15px; background-color: black; color: white;"[39m
          [36m>[39m
            [0mLight Mode[0m
          [36m</button>[39m
          [36m<div[39m
            [33mclass[39m=[32m"sc-qZrbh kDYwWS"[39m
          [36m>[39m
            [36m<a[39m
              [33maria-current[39m=[32m"page"[39m
              [33mclass[39m=[32m"sc-gLLuof dvRcey active"[39m
              [33mhref[39m=[32m"#/"[39m
            [36m>[39m
              [0mHome Page[0m
            [36m</a>[39m
            [36m<a[39m
              [33mclass[39m=[32m"sc-gLLuof dvRcey"[39m
              [33mhref[39m=[32m"#/BasicPage"[39m
            [36m>[39m
              [0mBasic Page[0m
            [36m</a>[39m
            [36m<a[39m
              [33mclass[39m=[32m"sc-gLLuof dvRcey"[39m
              [33mhref[39m=[32m"#/DetailedPage"[39m
            [36m>[39m
              [0mDetailed Page[0m
            [36m</a>[39m
          [36m</div>[39m
        [36m</nav>[39m
        [36m<div[39m
          [33mclass[39m=[32m"splash-container"[39m
        [36m>[39m
          [36m<img[39m
            [33malt[39m=[32m"businessMountains"[39m
            [33mclass[39m=[32m"splashPage"[39m
            [33msrc[39m=[32m"businessman.png"[39m
          [36m/>[39m
          [36m<div[39m
            [33mclass[39m=[32m"one"[39m
          [36m>[39m
            [0mStruggling to find your way?[0m
          [36m</div>[39m
          [36m<div[39m
            [33mclass[39m=[32m"two"[39m
          [36m>[39m
            [0mLooking for answers and coming up short?[0m
          [36m</div>[39m
          [36m<div[39m
            [33mclass[39m=[32m"three"[39m
          [36m>[39m
            [0mTake the quiz that best suits your needs and worry no longer![0m
          [36m</div>[39m
          [36m<a[39m
            [33mhref[39m=[32m"#/#quiz-descs"[39m
          [36m>[39m
            [0mFind your quiz![0m
          [36m</a>[39m
        [36m</div>[39m
        [36m<div[39m
          [33mid[39m=[32m"quiz-descs"[39m
        [36m/>[39m
        [36m<div[39m
          [33mclass[39m=[32m"quiz-desc-container"[39m
        [36m>[39m
          [36m<a[39m
            [33mclass[39m=[32m"sc-iBdnpw gkKeGN"[39m
            [33mhref[39m=[32m"#/BasicPage"[39m
          [36m>[39m
            [36m<div[39m
              [33mclass[39m=[32m"quiz-desc"[39m
            [36m>[39m
              [36m<h3>[39m
                [0mBasic Quiz[0m
              [36m</h3>[39m
              [36m<p[39m
                [33mclass[39m=[32m"text"[39m
              [36m>[39m
                [0mWant to take a peek into your career’s future, but don’t have time to take the full career assessment? The basic career quiz is a smaller, faster alternative that gives similar results to the detailed assessment. With only 8 true or false questions, this quiz should only take 5 minutes of your time to show you your future career.[0m
              [36m</p>[39m
            [36m</div>[39m
          [36m</a>[39m
          [36m<a[39m
            [33mclass[39m=[32m"sc-iBdnpw gkKeGN"[39m
            [33mhref[39m=[32m"#/DetailedPage"[39m
          [36m>[39m
            [36m<div[39m
              [33mclass[39m=[32m"quiz-desc"[39m
            [36m>[39m
              [36m<h3>[39m
                [0mDetailed Quiz[0m
              [36m</h3>[39m
              [36m<p[39m
                [33mclass[39m=[32m"text"[39m
              [36m>[39m
                [0mIf you want to gain in-depth insight into your career path, this quiz is for you! Multiple-choice, personality-based questions will analyze your core values and identify your ideal career path, selecting from numerous high-profile industries.[0m
              [36m</p>[39m
            [36m</div>[39m
          [36m</a>[39m
        [36m</div>[39m
        [36m<div[39m
          [33mclass[39m=[32m"quiz-data-container"[39m
        [36m>[39m
          [36m<div[39m
            [33mclass[39m=[32m"quiz-data-text"[39m
          [36m>[39m
            [36m<p>[39m
              [0mCareer quizzes are proven to help the masses achieve thier goals and secure professional success. Money can buy happiness, but only purpose can bring fulfillment.[0m
            [36m</p>[39m
          [36m</div>[39m
          [36m<div[39m
            [33mclass[39m=[32m"quiz-data-graph"[39m
          [36m>[39m
            [36m<div[39m
              [33mclass[39m=[32m"piechart"[39m
            [36m>[39m
              [36m<div[39m
                [33mstyle[39m=[32m"width: 300px; height: 300px; border-radius: 50%;"[39m
              [36m/>[39m
              [36m<div[39m
                [33mclass[39m=[32m"legend"[39m
              [36m>[39m
                [36m<p[39m
                  [33mstyle[39m=[32m"color: rgb(56, 110, 45);"[39m
                [36m>[39m
                  [0m"I Loved It!" [0m
                  [0m0[0m
                [36m</p>[39m
                [36m<p[39m
                  [33mstyle[39m=[32m"color: rgb(219, 213, 44);"[39m
                [36m>[39m
                  [0m"It was alright."[0m
                  [0m0[0m
                [36m</p>[39m
                [36m<p[39m
                  [33mstyle[39m=[32m"color: rgb(179, 43, 43);"[39m
                [36m>[39m
                  [0m"I'm not so impressed."[0m
                  [0m0[0m
                [36m</p>[39m
              [36m</div>[39m
            [36m</div>[39m
            [36m<p>[39m
              [0m~All real data collected on our site~[0m
            [36m</p>[39m
          [36m</div>[39m
        [36m</div>[39m
        [36m<form[39m
          [33mclass[39m=[32m""[39m
        [36m>[39m
          [36m<label[39m
            [33mclass[39m=[32m"form-label"[39m
          [36m>[39m
            [0mAPI Key:[0m
          [36m</label>[39m
          [36m<input[39m
            [33mclass[39m=[32m"form-control"[39m
            [33mplaceholder[39m=[32m"Insert API Key Here"[39m
            [33mtype[39m=[32m"password"[39m
          [36m/>[39m
          [36m<br />[39m
          [36m<button[39m
            [33mclass[39m=[32m"Submit-Button btn btn-primary"[39m
            [33mtype[39m=[32m"button"[39m
          [36m>[39m
            [0mSubmit[0m
          [36m</button>[39m
        [36m</form>[39m
        [36m<div[39m
          [33mclass[39m=[32m"App"[39m
        [36m/>[39m
        [36m<div[39m
          [33mclass[39m=[32m"app-footer"[39m
        [36m>[39m
          [36m<p>[39m
            [0mJobnav.com©[0m
          [36m</p>[39m
          [36m<p>[39m
            [0mDeveloped by Saini, Le, Torres, and Walsh[0m
          [36m</p>[39m
          [36m<p>[39m
            [0mFor more information, email jassaini@udel.edu[0m
          [36m</p>[39m
        [36m</div>[39m
      [36m</div>[39m
    [36m</body>[39m

       5 | test('renders learn react link', () => {
       6 |   render(<App />);
    >  7 |   const linkElement = screen.getByText(/learn react/i);
         |                              ^
       8 |   expect(linkElement).toBeInTheDocument();
       9 | });
      10 |

      at Object.getElementError (node_modules/@testing-library/react/node_modules/@testing-library/dom/dist/config.js:37:19)
      at node_modules/@testing-library/react/node_modules/@testing-library/dom/dist/query-helpers.js:76:38
      at node_modules/@testing-library/react/node_modules/@testing-library/dom/dist/query-helpers.js:52:17
      at getByText (node_modules/@testing-library/react/node_modules/@testing-library/dom/dist/query-helpers.js:95:19)
      at Object.<anonymous> (src/App.test.tsx:7:30)
      at TestScheduler.scheduleTests (node_modules/@jest/core/build/TestScheduler.js:333:13)
      at runJest (node_modules/@jest/core/build/runJest.js:404:19)
      at _run10000 (node_modules/@jest/core/build/cli/index.js:320:7)
      at runCLI (node_modules/@jest/core/build/cli/index.js:173:3)

[0;33mOne of your dependencies, babel-preset-react-app, is importing the
"@babel/plugin-proposal-private-property-in-object" package without
declaring it in its dependencies. This is currently working because
"@babel/plugin-proposal-private-property-in-object" is already in your
node_modules folder for unrelated reasons, but it [1mmay break at any time[0;33m.

babel-preset-react-app is part of the create-react-app project, [1mwhich
is not maintianed anymore[0;33m. It is thus unlikely that this bug will
ever be fixed. Add "@babel/plugin-proposal-private-property-in-object" to
your devDependencies to work around this error. This will make this message
go away.[0m
  
---------------------|---------|----------|---------|---------|-------------------
File                 | % Stmts | % Branch | % Funcs | % Lines | Uncovered Line #s 
---------------------|---------|----------|---------|---------|-------------------
All files            |   11.79 |     6.06 |     3.8 |   12.04 |                   
 src                 |    8.33 |        0 |   33.33 |    8.33 |                   
  App.tsx            |     100 |      100 |     100 |     100 |                   
  index.tsx          |       0 |      100 |     100 |       0 | 8-20              
  reportWebVitals.ts |       0 |        0 |       0 |       0 | 3-10              
 src/components      |      72 |    21.42 |   66.66 |      72 |                   
  Navbar.tsx         |     100 |      100 |     100 |     100 |                   
  NavbarElements.tsx |     100 |      100 |     100 |     100 |                   
  darkMode.tsx       |   46.15 |    21.42 |      50 |   46.15 | 10-17             
 src/pages           |    6.95 |     4.38 |    1.01 |    7.11 |                   
  BasicPage.tsx      |    1.33 |        0 |       0 |    1.35 | 10-352            
  DetailedPage.tsx   |    1.12 |        0 |       0 |    1.16 | 10-12,24-762      
  ResultsPage.tsx    |   14.81 |       20 |       0 |   14.81 | 11-106            
  homePage.tsx       |   63.63 |       75 |   33.33 |   63.63 | 22-29,77-82       
---------------------|---------|----------|---------|---------|-------------------
Test Suites: 1 failed, 1 total
Tests:       1 failed, 1 total
Snapshots:   0 total
Time:        3.624 s
Ran all test suites.
